// Jest Snapshot v1, https://goo.gl/fbAQLP

exports[`NewPoll should render the component 1`] = `
Object {
  "asFragment": [Function],
  "baseElement": <body>
    <div>
      <div>
        <h1
          class=" text-4xl text-center"
        >
          New Poll
        </h1>
        <form
          class="max-w-lg mx-auto"
        >
          <div
            class="mb-5"
          >
            <label
              class="block mb-2 text-sm font-medium text-gray-900 dark:text-white"
              data-testid="firstOptionLabel"
              for="firstOption"
            >
              First Option
            </label>
            <input
              class="bg-gray-50 border border-gray-300 text-gray-900 text-sm rounded-lg focus:ring-blue-500 focus:border-blue-500 block w-full p-2.5 dark:bg-gray-700 dark:border-gray-600 dark:placeholder-gray-400 dark:text-white dark:focus:ring-blue-500 dark:focus:border-blue-500"
              data-testid="firstOption"
              id="firstOption"
              name="firstOption"
              type="text"
              value=""
            />
          </div>
          <div
            class="mb-5"
          >
            <label
              class="block mb-2 text-sm font-medium text-gray-900 dark:text-white"
              data-testid="secondOptionLabel"
              for="secondOption"
            >
              Second Option
            </label>
            <input
              class="bg-gray-50 border border-gray-300 text-gray-900 text-sm rounded-lg focus:ring-blue-500 focus:border-blue-500 block w-full p-2.5 dark:bg-gray-700 dark:border-gray-600 dark:placeholder-gray-400 dark:text-white dark:focus:ring-blue-500 dark:focus:border-blue-500"
              data-testid="secondOption"
              id="secondOption"
              name="secondOption"
              type="text"
              value=""
            />
          </div>
          <button
            class="text-white bg-blue-700 hover:bg-blue-800 focus:ring-4 focus:outline-none focus:ring-blue-300 font-medium rounded-lg text-sm w-full sm:w-auto px-5 py-2.5 text-center dark:bg-blue-600 dark:hover:bg-blue-700 dark:focus:ring-blue-800"
            data-testid="submit-poll"
            type="submit"
          >
            Add Poll
          </button>
        </form>
      </div>
    </div>
  </body>,
  "container": <div>
    <div>
      <h1
        class=" text-4xl text-center"
      >
        New Poll
      </h1>
      <form
        class="max-w-lg mx-auto"
      >
        <div
          class="mb-5"
        >
          <label
            class="block mb-2 text-sm font-medium text-gray-900 dark:text-white"
            data-testid="firstOptionLabel"
            for="firstOption"
          >
            First Option
          </label>
          <input
            class="bg-gray-50 border border-gray-300 text-gray-900 text-sm rounded-lg focus:ring-blue-500 focus:border-blue-500 block w-full p-2.5 dark:bg-gray-700 dark:border-gray-600 dark:placeholder-gray-400 dark:text-white dark:focus:ring-blue-500 dark:focus:border-blue-500"
            data-testid="firstOption"
            id="firstOption"
            name="firstOption"
            type="text"
            value=""
          />
        </div>
        <div
          class="mb-5"
        >
          <label
            class="block mb-2 text-sm font-medium text-gray-900 dark:text-white"
            data-testid="secondOptionLabel"
            for="secondOption"
          >
            Second Option
          </label>
          <input
            class="bg-gray-50 border border-gray-300 text-gray-900 text-sm rounded-lg focus:ring-blue-500 focus:border-blue-500 block w-full p-2.5 dark:bg-gray-700 dark:border-gray-600 dark:placeholder-gray-400 dark:text-white dark:focus:ring-blue-500 dark:focus:border-blue-500"
            data-testid="secondOption"
            id="secondOption"
            name="secondOption"
            type="text"
            value=""
          />
        </div>
        <button
          class="text-white bg-blue-700 hover:bg-blue-800 focus:ring-4 focus:outline-none focus:ring-blue-300 font-medium rounded-lg text-sm w-full sm:w-auto px-5 py-2.5 text-center dark:bg-blue-600 dark:hover:bg-blue-700 dark:focus:ring-blue-800"
          data-testid="submit-poll"
          type="submit"
        >
          Add Poll
        </button>
      </form>
    </div>
  </div>,
  "debug": [Function],
  "findAllByAltText": [Function],
  "findAllByDisplayValue": [Function],
  "findAllByLabelText": [Function],
  "findAllByPlaceholderText": [Function],
  "findAllByRole": [Function],
  "findAllByTestId": [Function],
  "findAllByText": [Function],
  "findAllByTitle": [Function],
  "findByAltText": [Function],
  "findByDisplayValue": [Function],
  "findByLabelText": [Function],
  "findByPlaceholderText": [Function],
  "findByRole": [Function],
  "findByTestId": [Function],
  "findByText": [Function],
  "findByTitle": [Function],
  "getAllByAltText": [Function],
  "getAllByDisplayValue": [Function],
  "getAllByLabelText": [Function],
  "getAllByPlaceholderText": [Function],
  "getAllByRole": [Function],
  "getAllByTestId": [Function],
  "getAllByText": [Function],
  "getAllByTitle": [Function],
  "getByAltText": [Function],
  "getByDisplayValue": [Function],
  "getByLabelText": [Function],
  "getByPlaceholderText": [Function],
  "getByRole": [Function],
  "getByTestId": [Function],
  "getByText": [Function],
  "getByTitle": [Function],
  "queryAllByAltText": [Function],
  "queryAllByDisplayValue": [Function],
  "queryAllByLabelText": [Function],
  "queryAllByPlaceholderText": [Function],
  "queryAllByRole": [Function],
  "queryAllByTestId": [Function],
  "queryAllByText": [Function],
  "queryAllByTitle": [Function],
  "queryByAltText": [Function],
  "queryByDisplayValue": [Function],
  "queryByLabelText": [Function],
  "queryByPlaceholderText": [Function],
  "queryByRole": [Function],
  "queryByTestId": [Function],
  "queryByText": [Function],
  "queryByTitle": [Function],
  "rerender": [Function],
  "unmount": [Function],
}
`;
